<?xml version="1.0" encoding="utf-8"?><messages><msg code="0" type="2">Start Time: Wednesday, December 3, 2025 2:56:28 PM</msg><msg code="0" type="0">Loading CSV file...</msg><msg code="0" type="0">Converting GeoJSON to Feature Class...</msg><msg code="1" type="100">Traceback (most recent call last):
  File "&lt;string&gt;", line 116, in execute
  File "C:\Program Files\ArcGIS\Pro\Resources\ArcPy\arcpy\conversion.py", line 1172, in JSONToFeatures
    raise e
  File "C:\Program Files\ArcGIS\Pro\Resources\ArcPy\arcpy\conversion.py", line 1169, in JSONToFeatures
    retval = convertArcObjectToPythonObject(gp.JSONToFeatures_conversion(*gp_fixargs((in_json_file, out_features, geometry_type), True)))
  File "C:\Program Files\ArcGIS\Pro\Resources\ArcPy\arcpy\geoprocessing\_base.py", line 512, in &lt;lambda&gt;
    return lambda *args: val(*gp_fixargs(args, True))
arcgisscripting.ExecuteError: Failed to execute. Parameters are not valid.
ERROR 000814: Invalid file type
Failed to execute (JSONToFeatures).


During handling of the above exception, another exception occurred:

Traceback (most recent call last):
  File "&lt;string&gt;", line 118, in execute
arcgisscripting.ExecuteError: ERROR: Failed to convert GeoJSON to features. Make sure the file is a valid FeatureCollection GeoJSON.
</msg><msg code="-2147467259" type="100">Failed to execute (CensusJoinTool).</msg><msg code="0" type="3">Failed at Wednesday, December 3, 2025 2:56:28 PM (Elapsed Time: 0.12 seconds)</msg></messages>